"","x"
"29-B1",0.237527512839325
"30-B1",0.210768614891914
"31-B2",0.301700984780662
"32-B3",0.478015783540023
"33-B1",0.860522891281202
"34-B1",0.976012793176972
"35-B2",0.455922865013774
"36-B3",0.0794701986754967
"37-B1",0.046677959721438
"38-B2",0.0180221811460259
"39-B3",0.0674471055740522
"40-B1",0.215483234714004
"41-B2",0.0275675675675676
"42-B3",0.417099056603774
"44-B2",0.735765040265277
"45-B3",0.277948903786918
"46-B1",0.601236476043277
"47-B2",0.847972972972973
"48-B3",0.140644447517632
"49-B1",0.0183691756272401
"50-B2",0.335958966843744
"52-B1",0.26614481409002
"53-B2",0.350843558282209
"54-B3",0.870904645476773
