"","x"
"29-B1",2
"30-B1",5
"31-B2",3
"32-B3",2
"33-B1",1
"34-B1",1
"35-B2",2
"36-B3",5
"37-B1",4
"38-B2",7
"39-B3",6
"40-B1",2
"41-B2",5
"42-B3",2
"44-B2",1
"45-B3",2
"46-B1",1
"47-B2",1
"48-B3",4
"49-B1",4
"50-B2",3
"52-B1",2
"53-B2",2
"54-B3",1
